start 2026-10-01T14:43:17Z job 454384 node jean-zay-iam35 stage single-rank-generator-canary commit e242eff0272f0a8d6979aa9b332dd395feef29c0
GPU-6d839286-ddeb-5adb-6e36-ce316ce38092, NVIDIA A100-SXM4-80GB, 595.71.05, 8.0, 81920 MiB
/lustre/fswork/projects/rech/xvh/ukl39yh/j1_runs/generator-pair/attempt-1/.tasks/job-65efc7fbb5c377ef.pkl
/lustre/fswork/projects/rech/xvh/ukl39yh/j1_pristine-Wan2.1/wan/modules/model.py:31: FutureWarning: `torch.cuda.amp.autocast(args...)` is deprecated. Please use `torch.amp.autocast('cuda', args...)` instead.
  @amp.autocast(enabled=False)
/lustre/fswork/projects/rech/xvh/ukl39yh/j1_pristine-Wan2.1/wan/modules/model.py:42: FutureWarning: `torch.cuda.amp.autocast(args...)` is deprecated. Please use `torch.amp.autocast('cuda', args...)` instead.
  @amp.autocast(enabled=False)
Loading checkpoint shards:   0%|          | 0/7 [00:00<?, ?it/s]Loading checkpoint shards:  14%|█▍        | 1/7 [00:00<00:01,  4.68it/s]Loading checkpoint shards:  57%|█████▋    | 4/7 [00:02<00:01,  1.68it/s]Loading checkpoint shards: 100%|██████████| 7/7 [00:02<00:00,  3.05it/s]
/lustre/fswork/projects/rech/xvh/ukl39yh/j1_pristine-Wan2.1/wan/modules/clip.py:540: FutureWarning: `torch.cuda.amp.autocast(args...)` is deprecated. Please use `torch.amp.autocast('cuda', args...)` instead.
  with torch.cuda.amp.autocast(dtype=self.dtype):
/lustre/fswork/projects/rech/xvh/ukl39yh/j1_pristine-Wan2.1/wan/modules/vae.py:651: FutureWarning: `torch.cuda.amp.autocast(args...)` is deprecated. Please use `torch.amp.autocast('cuda', args...)` instead.
  with amp.autocast(dtype=self.dtype):
/lustre/fswork/projects/rech/xvh/ukl39yh/j1_pristine-Wan2.1/wan/image2video.py:258: FutureWarning: `torch.cuda.amp.autocast(args...)` is deprecated. Please use `torch.amp.autocast('cuda', args...)` instead.
  with amp.autocast(dtype=self.param_dtype), torch.no_grad(), no_sync():
  0%|          | 0/2 [00:00<?, ?it/s]/lustre/fswork/projects/rech/xvh/ukl39yh/j1_pristine-Wan2.1/wan/modules/model.py:546: FutureWarning: `torch.cuda.amp.autocast(args...)` is deprecated. Please use `torch.amp.autocast('cuda', args...)` instead.
  with amp.autocast(dtype=torch.float32):
/lustre/fswork/projects/rech/xvh/ukl39yh/j1_pristine-Wan2.1/wan/modules/model.py:297: FutureWarning: `torch.cuda.amp.autocast(args...)` is deprecated. Please use `torch.amp.autocast('cuda', args...)` instead.
  with amp.autocast(dtype=torch.float32):
/lustre/fswork/projects/rech/xvh/ukl39yh/j1_pristine-Wan2.1/wan/modules/model.py:305: FutureWarning: `torch.cuda.amp.autocast(args...)` is deprecated. Please use `torch.amp.autocast('cuda', args...)` instead.
  with amp.autocast(dtype=torch.float32):
/lustre/fswork/projects/rech/xvh/ukl39yh/j1_pristine-Wan2.1/wan/modules/model.py:312: FutureWarning: `torch.cuda.amp.autocast(args...)` is deprecated. Please use `torch.amp.autocast('cuda', args...)` instead.
  with amp.autocast(dtype=torch.float32):
/lustre/fswork/projects/rech/xvh/ukl39yh/j1_pristine-Wan2.1/wan/modules/model.py:344: FutureWarning: `torch.cuda.amp.autocast(args...)` is deprecated. Please use `torch.amp.autocast('cuda', args...)` instead.
  with amp.autocast(dtype=torch.float32):
 50%|█████     | 1/2 [00:22<00:22, 22.87s/it]100%|██████████| 2/2 [00:41<00:00, 20.53s/it]100%|██████████| 2/2 [00:41<00:00, 20.88s/it]
/lustre/fswork/projects/rech/xvh/ukl39yh/j1_pristine-Wan2.1/wan/modules/vae.py:658: FutureWarning: `torch.cuda.amp.autocast(args...)` is deprecated. Please use `torch.amp.autocast('cuda', args...)` instead.
  with amp.autocast(dtype=self.dtype):
/lustre/fswork/projects/rech/xvh/ukl39yh/j1_runs/generator-pair/attempt-1/.tasks/job-0a01efd9e11fc017.pkl
Loading checkpoint shards:   0%|          | 0/7 [00:00<?, ?it/s]Loading checkpoint shards: 100%|██████████| 7/7 [00:00<00:00, 78.11it/s]
  0%|          | 0/2 [00:00<?, ?it/s] 50%|█████     | 1/2 [00:19<00:19, 19.23s/it]100%|██████████| 2/2 [00:37<00:00, 18.94s/it]100%|██████████| 2/2 [00:37<00:00, 18.99s/it]
{"checkpoint_content_sha256": "80c954fbb46c39139a300a7dd41ed5a8b1c6b11c5f952c1bfb3c763d6e73ebb7", "comparison": {"artifacts": {"custom-none": {"artifact_sha256": "46f69eea481f8cdc1b844db541825dbb0bca54809cf7e6a7d607a4e416f4fcd8", "job_id": "job-0a01efd9e11fc017", "tensor": {"dtype": "float32", "sha256": "65630d7c0deb54a64f0c43aa28c6c4f804479aae798e2f76b254ddf49178d22f", "shape": [16, 21, 58, 104]}}, "upstream": {"artifact_sha256": "46f69eea481f8cdc1b844db541825dbb0bca54809cf7e6a7d607a4e416f4fcd8", "job_id": "job-65efc7fbb5c377ef", "tensor": {"dtype": "float32", "sha256": "65630d7c0deb54a64f0c43aa28c6c4f804479aae798e2f76b254ddf49178d22f", "shape": [16, 21, 58, 104]}}}, "comparison_sha256": "e93a4d879ebe99e8eb065e06e8b72deadf95ed43f0145c63d8b78c2320affb91", "evidence_class": "genuine-checkpoint-bound-gpu-runtime", "measurements": {"atol": 1e-05, "finite": true, "maximum_absolute_error": 0.0, "maximum_relative_error": 0.0, "passed": true, "rtol": 0.016}, "pair_id": "bootes-synthetic-generator-pair", "r3_acceptance": false, "record_kind": "r3-offline-full-generator-parity-comparison", "schema_version": 2}, "generation_settings": {"offload_model": true}, "j1_node_observation": {"cuda_device": {"compute_capability": "8.0", "name": "NVIDIA A100-SXM4-80GB", "torch_uuid": "6d839286-ddeb-5adb-6e36-ce316ce38092", "total_memory_bytes": 85094825984}, "gpu_uuids": ["GPU-6d839286-ddeb-5adb-6e36-ce316ce38092"], "hostname": "jean-zay-iam35", "slurm_job_id": "454384", "slurm_job_nodelist": "jean-zay-iam35"}, "jobs": [{"evidence": {"parity_artifact": {"metadata_sha256": "ab9e22d6278c71dee930bde15bc9a53d74295860cb5a8e1636015817d5eb63ab", "path": "/lustre/fswork/projects/rech/xvh/ukl39yh/j1_runs/generator-pair/attempt-1/outputs/job-65efc7fbb5c377ef/r3-parity-upstream.npy", "sha256": "46f69eea481f8cdc1b844db541825dbb0bca54809cf7e6a7d607a4e416f4fcd8"}, "r3_acceptance": false, "source_observations": {"path": "/lustre/fswork/projects/rech/xvh/ukl39yh/j1_runs/generator-pair/attempt-1/outputs/job-65efc7fbb5c377ef/r3-source-observations.json", "record_kind": "r3-source-hook-observations", "sha256": "e3da2b660db1c8ccd9edb8d7a0f46209487e633b67393b79defeb856ee3235bd"}}, "job_id": "job-65efc7fbb5c377ef", "route": "upstream", "video_sha256": "43818f8023e823936fcc3a58b1a64e380aed0056cb2dbde2f64b14e1a31d83fb"}, {"evidence": {"parity_artifact": {"metadata_sha256": "c8a7a8c264c6006c7fd0f8a7af51a37314bbb9998f6640b6f9c7470a0ce909d3", "path": "/lustre/fswork/projects/rech/xvh/ukl39yh/j1_runs/generator-pair/attempt-1/outputs/job-0a01efd9e11fc017/r3-parity-custom-none.npy", "sha256": "46f69eea481f8cdc1b844db541825dbb0bca54809cf7e6a7d607a4e416f4fcd8"}, "r3_acceptance": false, "source_observations": {"path": "/lustre/fswork/projects/rech/xvh/ukl39yh/j1_runs/generator-pair/attempt-1/outputs/job-0a01efd9e11fc017/r3-source-observations.json", "record_kind": "r3-source-hook-observations", "sha256": "8c2196a30f852d593767a71ccb662489cd7656b88da907741ba5513e47bc6e23"}, "worker_observation": {"path": "/lustre/fswork/projects/rech/xvh/ukl39yh/j1_runs/generator-pair/attempt-1/outputs/job-0a01efd9e11fc017/r3-rank-zero-worker-observation.json", "record_kind": "r3-rank-zero-worker-observation", "sha256": "0f5709cb376be59fe5debc0b8c85ded547e0ddc0d51d3ea172796354edfd30e7"}}, "job_id": "job-0a01efd9e11fc017", "route": "custom-none", "video_sha256": "43818f8023e823936fcc3a58b1a64e380aed0056cb2dbde2f64b14e1a31d83fb"}], "matrix_sha256": "e1776af152b3b0594c3af7497ffe95ec31db263fc9e3974bc9ea3c1d838fbd86", "peak_gpu_memory": {"interval_seconds": 5.0, "method": "nvidia-smi-memory.used-polling", "peak_memory_used_mib": 71985, "sample_errors": 0, "samples": 156}, "protocol_sha256": "d94cd662bc00fd87ff3e23562e62fbdc6c77aaf07617db57479d361c7734867a", "r3_acceptance": false, "source_sha256": "f7e2ddf8e67c05a0a6abba301d3b6bf59f9d23d84bc94e6f1928da8fea3851f3", "stage_id": "single-rank-generator-canary", "started_at": "2026-10-01T14:47:28.571072+00:00", "status": "passed"}
end 2026-10-01T15:00:27Z
